[INFO] Scanning for projects...
[INFO] 
[INFO] --------------------< com.tripmind:travel-planner >---------------------
[INFO] Building TripMind AI Travel Planner 1.0.0
[INFO]   from pom.xml
[INFO] --------------------------------[ jar ]---------------------------------
[INFO] 
[INFO] --- clean:3.3.2:clean (default-clean) @ travel-planner ---
[INFO] Deleting E:\Startup\backend\target
[INFO] 
[INFO] --- resources:3.3.1:resources (default-resources) @ travel-planner ---
[INFO] Copying 1 resource from src\main\resources to target\classes
[INFO] Copying 0 resource from src\main\resources to target\classes
[INFO] 
[INFO] --- compiler:3.11.0:compile (default-compile) @ travel-planner ---
[INFO] Changes detected - recompiling the module! :source
[INFO] Compiling 47 source files with javac [debug release 17] to target\classes
[INFO] Annotation processing is enabled because one or more processors were found
  on the class path. A future release of javac may disable annotation processing
  unless at least one processor is specified by name (-processor), or a search
  path is specified (--processor-path, --processor-module-path), or annotation
  processing is enabled explicitly (-proc:only, -proc:full).
  Use -Xlint:-options to suppress this message.
  Use -proc:none to disable annotation processing.
[INFO] -------------------------------------------------------------
[ERROR] COMPILATION ERROR : 
[INFO] -------------------------------------------------------------
[ERROR] /E:/Startup/backend/src/main/java/com/tripmind/service/ConstraintDecisionEngine.java:[153,34] cannot find symbol
  symbol:   variable stayCost
  location: class com.tripmind.service.ConstraintDecisionEngine
[ERROR] /E:/Startup/backend/src/main/java/com/tripmind/service/ConstraintDecisionEngine.java:[153,45] cannot find symbol
  symbol:   variable foodCost
  location: class com.tripmind.service.ConstraintDecisionEngine
[ERROR] /E:/Startup/backend/src/main/java/com/tripmind/service/ConstraintDecisionEngine.java:[153,56] cannot find symbol
  symbol:   variable activitiesCost
  location: class com.tripmind.service.ConstraintDecisionEngine
[ERROR] /E:/Startup/backend/src/main/java/com/tripmind/service/ConstraintDecisionEngine.java:[157,31] cannot find symbol
  symbol:   variable stayCost
  location: class com.tripmind.service.ConstraintDecisionEngine
[ERROR] /E:/Startup/backend/src/main/java/com/tripmind/service/ConstraintDecisionEngine.java:[158,31] cannot find symbol
  symbol:   variable foodCost
  location: class com.tripmind.service.ConstraintDecisionEngine
[ERROR] /E:/Startup/backend/src/main/java/com/tripmind/service/ConstraintDecisionEngine.java:[159,37] cannot find symbol
  symbol:   variable activitiesCost
  location: class com.tripmind.service.ConstraintDecisionEngine
[INFO] 6 errors 
[INFO] -------------------------------------------------------------
[INFO] ------------------------------------------------------------------------
[INFO] BUILD FAILURE
[INFO] ------------------------------------------------------------------------
[INFO] Total time:  8.503 s
[INFO] Finished at: 2026-04-03T19:50:15+05:30
[INFO] ------------------------------------------------------------------------
[ERROR] Failed to execute goal org.apache.maven.plugins:maven-compiler-plugin:3.11.0:compile (default-compile) on project travel-planner: Compilation failure: Compilation failure: 
[ERROR] /E:/Startup/backend/src/main/java/com/tripmind/service/ConstraintDecisionEngine.java:[153,34] cannot find symbol
[ERROR]   symbol:   variable stayCost
[ERROR]   location: class com.tripmind.service.ConstraintDecisionEngine
[ERROR] /E:/Startup/backend/src/main/java/com/tripmind/service/ConstraintDecisionEngine.java:[153,45] cannot find symbol
[ERROR]   symbol:   variable foodCost
[ERROR]   location: class com.tripmind.service.ConstraintDecisionEngine
[ERROR] /E:/Startup/backend/src/main/java/com/tripmind/service/ConstraintDecisionEngine.java:[153,56] cannot find symbol
[ERROR]   symbol:   variable activitiesCost
[ERROR]   location: class com.tripmind.service.ConstraintDecisionEngine
[ERROR] /E:/Startup/backend/src/main/java/com/tripmind/service/ConstraintDecisionEngine.java:[157,31] cannot find symbol
[ERROR]   symbol:   variable stayCost
[ERROR]   location: class com.tripmind.service.ConstraintDecisionEngine
[ERROR] /E:/Startup/backend/src/main/java/com/tripmind/service/ConstraintDecisionEngine.java:[158,31] cannot find symbol
[ERROR]   symbol:   variable foodCost
[ERROR]   location: class com.tripmind.service.ConstraintDecisionEngine
[ERROR] /E:/Startup/backend/src/main/java/com/tripmind/service/ConstraintDecisionEngine.java:[159,37] cannot find symbol
[ERROR]   symbol:   variable activitiesCost
[ERROR]   location: class com.tripmind.service.ConstraintDecisionEngine
[ERROR] -> [Help 1]
[ERROR] 
[ERROR] To see the full stack trace of the errors, re-run Maven with the -e switch.
[ERROR] Re-run Maven using the -X switch to enable full debug logging.
[ERROR] 
[ERROR] For more information about the errors and possible solutions, please read the following articles:
[ERROR] [Help 1] http://cwiki.apache.org/confluence/display/MAVEN/MojoFailureException
