[INFO] Scanning for projects...
[INFO] 
[INFO] --------------------< com.tripmind:travel-planner >---------------------
[INFO] Building TripMind AI Travel Planner 1.0.0
[INFO]   from pom.xml
[INFO] --------------------------------[ jar ]---------------------------------
[INFO] 
[INFO] --- clean:3.3.2:clean (default-clean) @ travel-planner ---
[INFO] Deleting E:\Startup\backend\target
[INFO] 
[INFO] --- resources:3.3.1:resources (default-resources) @ travel-planner ---
[INFO] Copying 1 resource from src\main\resources to target\classes
[INFO] Copying 0 resource from src\main\resources to target\classes
[INFO] 
[INFO] --- compiler:3.11.0:compile (default-compile) @ travel-planner ---
[INFO] Changes detected - recompiling the module! :source
[INFO] Compiling 47 source files with javac [debug release 17] to target\classes
[INFO] Annotation processing is enabled because one or more processors were found
  on the class path. A future release of javac may disable annotation processing
  unless at least one processor is specified by name (-processor), or a search
  path is specified (--processor-path, --processor-module-path), or annotation
  processing is enabled explicitly (-proc:only, -proc:full).
  Use -Xlint:-options to suppress this message.
  Use -proc:none to disable annotation processing.
[INFO] ------------------------------------------------------------------------
[INFO] BUILD SUCCESS
[INFO] ------------------------------------------------------------------------
[INFO] Total time:  10.286 s
[INFO] Finished at: 2026-04-03T19:57:57+05:30
[INFO] ------------------------------------------------------------------------
